
Running 16 tests using 1 worker

